ra:  00000000 sp:  00000000 t0:  00000000 t1:  00000000 t2:  00000000 s0:  00000000 s1:  00000000 a0:  00000000 PC:  00000000 inst:  00840663 Time_Step:  0000
ra:  00000000 sp:  00000000 t0:  00000000 t1:  00000000 t2:  00000000 s0:  00000000 s1:  00000000 a0:  00000000 PC:  00000004 inst:  fff10113 Time_Step:  0001
ra:  00000000 sp:  00000000 t0:  00000000 t1:  00000000 t2:  00000000 s0:  00000000 s1:  00000000 a0:  00000000 PC:  00000000 inst:  00840663 Time_Step:  0002
ra:  00000000 sp:  ffffffff t0:  00000000 t1:  00000000 t2:  00000000 s0:  00000000 s1:  00000000 a0:  00000000 PC:  00000004 inst:  fff10113 Time_Step:  0003
ra:  00000000 sp:  ffffffff t0:  00000000 t1:  00000000 t2:  00000000 s0:  00000000 s1:  00000000 a0:  00000000 PC:  00000000 inst:  00840663 Time_Step:  0004
ra:  00000000 sp:  fffffffe t0:  00000000 t1:  00000000 t2:  00000000 s0:  00000000 s1:  00000000 a0:  00000000 PC:  00000004 inst:  fff10113 Time_Step:  0005
ra:  00000000 sp:  fffffffe t0:  00000000 t1:  00000000 t2:  00000000 s0:  00000000 s1:  00000000 a0:  00000000 PC:  00000000 inst:  00840663 Time_Step:  0006
ra:  00000000 sp:  fffffffd t0:  00000000 t1:  00000000 t2:  00000000 s0:  00000000 s1:  00000000 a0:  00000000 PC:  00000004 inst:  fff10113 Time_Step:  0007
ra:  00000000 sp:  fffffffd t0:  00000000 t1:  00000000 t2:  00000000 s0:  00000000 s1:  00000000 a0:  00000000 PC:  00000000 inst:  00840663 Time_Step:  0008
ra:  00000000 sp:  fffffffc t0:  00000000 t1:  00000000 t2:  00000000 s0:  00000000 s1:  00000000 a0:  00000000 PC:  00000004 inst:  fff10113 Time_Step:  0009
ra:  00000000 sp:  fffffffc t0:  00000000 t1:  00000000 t2:  00000000 s0:  00000000 s1:  00000000 a0:  00000000 PC:  00000000 inst:  00840663 Time_Step:  000a
ra:  00000000 sp:  fffffffb t0:  00000000 t1:  00000000 t2:  00000000 s0:  00000000 s1:  00000000 a0:  00000000 PC:  00000004 inst:  fff10113 Time_Step:  000b
ra:  00000000 sp:  fffffffb t0:  00000000 t1:  00000000 t2:  00000000 s0:  00000000 s1:  00000000 a0:  00000000 PC:  00000000 inst:  00840663 Time_Step:  000c
ra:  00000000 sp:  fffffffa t0:  00000000 t1:  00000000 t2:  00000000 s0:  00000000 s1:  00000000 a0:  00000000 PC:  00000004 inst:  fff10113 Time_Step:  000d
