ra:  00000000 sp:  00000000 t0:  00000000 t1:  00000000 t2:  00000000 s0:  00000000 s1:  00000000 a0:  00000000 PC:  00000000 inst:  00140413 Time_Step:  0000
ra:  00000000 sp:  00000000 t0:  00000000 t1:  00000000 t2:  00000000 s0:  00000000 s1:  00000000 a0:  00000000 PC:  00000004 inst:  00e00493 Time_Step:  0001
ra:  00000000 sp:  00000000 t0:  00000000 t1:  00000000 t2:  00000000 s0:  00000001 s1:  00000000 a0:  00000000 PC:  00000008 inst:  00941433 Time_Step:  0002
ra:  00000000 sp:  00000000 t0:  00000000 t1:  00000000 t2:  00000000 s0:  00000001 s1:  0000000e a0:  00000000 PC:  0000000c inst:  000404b3 Time_Step:  0003
ra:  00000000 sp:  00000000 t0:  00000000 t1:  00000000 t2:  00000000 s0:  00004000 s1:  0000000e a0:  00000000 PC:  00000010 inst:  008482b3 Time_Step:  0004
ra:  00000000 sp:  00000000 t0:  00000000 t1:  00000000 t2:  00000000 s0:  00004000 s1:  00004000 a0:  00000000 PC:  00000014 inst:  fffff0b7 Time_Step:  0005
ra:  00000000 sp:  00000000 t0:  00008000 t1:  00000000 t2:  00000000 s0:  00004000 s1:  00004000 a0:  00000000 PC:  00000018 inst:  00000000 Time_Step:  0006
ra:  fffff000 sp:  00000000 t0:  00008000 t1:  00000000 t2:  00000000 s0:  00004000 s1:  00004000 a0:  00000000 PC:  0000001c inst:  00000000 Time_Step:  0007
