ra:  00000000 sp:  00000000 t0:  00000000 t1:  00000000 t2:  00000000 s0:  00000000 s1:  00000000 a0:  00000000 PC:  00000000 inst:  00000000 Time_Step:  0050
ra:  00000000 sp:  00000000 t0:  00000000 t1:  00000000 t2:  00000000 s0:  00000000 s1:  00000000 a0:  00000000 PC:  00000000 inst:  00000004 Time_Step:  51e2
ra:  00000000 sp:  00000000 t0:  00000005 t1:  00000000 t2:  00000000 s0:  00000000 s1:  00000000 a0:  00000000 PC:  00000000 inst:  00000008 Time_Step:  0000
ra:  00000000 sp:  00000000 t0:  00000005 t1:  00000000 t2:  00000000 s0:  00000000 s1:  00000000 a0:  00000000 PC:  00000005 inst:  0000000c Time_Step:  0000
