ra:  00000000 sp:  00000000 t0:  00000000 t1:  00000000 t2:  00000000 s0:  00000000 s1:  00000000 a0:  00000000 PC:  00000000 inst:  12345437 Time_Step:  0000
ra:  00000000 sp:  00000000 t0:  00000000 t1:  00000000 t2:  00000000 s0:  00000000 s1:  00000000 a0:  00000000 PC:  00000004 inst:  67840413 Time_Step:  0001
ra:  00000000 sp:  00000000 t0:  00000000 t1:  00000000 t2:  00000000 s0:  12345000 s1:  00000000 a0:  00000000 PC:  00000008 inst:  02802423 Time_Step:  0002
ra:  00000000 sp:  00000000 t0:  00000000 t1:  00000000 t2:  00000000 s0:  12345678 s1:  00000000 a0:  00000000 PC:  0000000c inst:  02802083 Time_Step:  0003
ra:  00000000 sp:  00000000 t0:  00000000 t1:  00000000 t2:  00000000 s0:  12345678 s1:  00000000 a0:  00000000 PC:  00000010 inst:  00000000 Time_Step:  0004
ra:  12345678 sp:  00000000 t0:  00000000 t1:  00000000 t2:  00000000 s0:  12345678 s1:  00000000 a0:  00000000 PC:  00000014 inst:  00000000 Time_Step:  0005
